02:44:58 | INFO     | =================================================================
02:44:58 | INFO     |   FinSense — FinBERT Fine-Tuning
02:44:58 | INFO     | =================================================================
02:44:58 | INFO     |   Started at   : 2026-05-09 02:44:58
02:44:58 | INFO     |   Model        : ProsusAI/finbert
02:44:58 | INFO     |   Max length   : 128 tokens
02:44:58 | INFO     |   Batch size   : 16
02:44:58 | INFO     |   Epochs       : 5
02:44:58 | INFO     |   Learning rate: 2e-05
02:44:58 | INFO     |   Weight decay : 0.01
02:44:58 | INFO     |   Warmup ratio : 0.10
02:44:58 | INFO     |   Seed         : 42
02:44:58 | INFO     |   Log file     : /Users/arin/Documents/Finance/training/run_20260509_024458.log
02:44:58 | INFO     | ── System ─────────────────────────────────────────────────
02:44:58 | INFO     |   Python  : 3.11.9
02:44:58 | INFO     |   PyTorch : 2.9.1
02:44:58 | INFO     |   Transformers: 4.57.3
02:44:58 | INFO     |   Device  : mps
02:44:58 | INFO     |   Backend : Apple Metal Performance Shaders (MPS)
02:44:58 | INFO     | =================================================================
02:44:58 | INFO     |   1 / 6  — Data Loading
02:44:58 | INFO     | =================================================================
02:44:58 | INFO     |   Reading: /Users/arin/Documents/Finance/data/financial_phrasebank.csv
02:44:58 | INFO     |   Loaded 2264 rows in 0.01s
02:44:58 | INFO     |   Columns : ['sentence', 'label']
02:44:58 | INFO     |   Dtypes  : {'sentence': dtype('O'), 'label': dtype('int64')}
02:44:58 | INFO     |   Nulls   : {'sentence': 0, 'label': 0}
02:44:58 | INFO     |   Label distribution:
02:44:58 | INFO     |     [0] negative →  303 samples (13.4%)
02:44:58 | INFO     |     [1] neutral  → 1391 samples (61.4%)
02:44:58 | INFO     |     [2] positive →  570 samples (25.2%)
02:44:58 | INFO     | =================================================================
02:44:58 | INFO     |   2 / 6  — Train / Val / Test Split  (70 / 15 / 15)
02:44:58 | INFO     | =================================================================
02:44:58 | INFO     |   Total   : 2264
02:44:58 | INFO     |   Train   : 1584 (70.0%)
02:44:58 | INFO     |   Val     : 340   (15.0%)
02:44:58 | INFO     |   Test    : 340   (15.0%)
02:44:58 | INFO     |   train labels: {'negative': 212, 'neutral': 973, 'positive': 399}
02:44:58 | INFO     |   val   labels: {'negative': 45, 'neutral': 209, 'positive': 86}
02:44:58 | INFO     |   test  labels: {'negative': 46, 'neutral': 209, 'positive': 85}
02:44:58 | INFO     | =================================================================
02:44:58 | INFO     |   3 / 6  — Tokenizer
02:44:58 | INFO     | =================================================================
02:44:58 | INFO     |   Loading tokenizer from: ProsusAI/finbert
02:45:03 | INFO     |   Tokenizer loaded in 5.28s
02:45:03 | INFO     |   Vocab size     : 30,522
02:45:03 | INFO     |   Max model len  : 512
02:45:03 | INFO     |   Padding token  : '[PAD]' (id=0)
02:45:03 | INFO     |   CLS token      : '[CLS]' (id=101)
02:45:03 | INFO     |   SEP token      : '[SEP]' (id=102)
02:45:03 | INFO     |   Using max_len  : 128 (truncation + padding)
02:45:03 | INFO     |   Sample sentence: "The Oxyview Pulse Oximeter is a common device to check patient blood-oxygen satu..."
02:45:03 | INFO     |   Token count    : 26
02:45:03 | INFO     |   Token ids (first 10): [101, 1996, 23060, 2100, 8584, 8187, 23060, 19198, 2003, 1037]
02:45:03 | INFO     |   Tokenizing [train] — 1584 samples...
02:45:03 | INFO     |     input_ids shape     : (1584, 128)
02:45:03 | INFO     |     attention_mask shape: (1584, 128)
02:45:03 | INFO     |     labels shape        : (1584,)
02:45:03 | INFO     |     Tokenization done   : 0.16s
02:45:03 | INFO     |   Tokenizing [val] — 340 samples...
02:45:03 | INFO     |     input_ids shape     : (340, 128)
02:45:03 | INFO     |     attention_mask shape: (340, 128)
02:45:03 | INFO     |     labels shape        : (340,)
02:45:03 | INFO     |     Tokenization done   : 0.03s
02:45:03 | INFO     |   Tokenizing [test] — 340 samples...
02:45:03 | INFO     |     input_ids shape     : (340, 128)
02:45:03 | INFO     |     attention_mask shape: (340, 128)
02:45:03 | INFO     |     labels shape        : (340,)
02:45:03 | INFO     |     Tokenization done   : 0.03s
02:45:03 | INFO     | =================================================================
02:45:03 | INFO     |   4 / 6  — Model
02:45:03 | INFO     | =================================================================
02:45:03 | INFO     |   Loading: ProsusAI/finbert
02:45:03 | INFO     |   Task   : SequenceClassification (3 labels)
02:46:12 | INFO     |   Model loaded in 68.86s
02:46:12 | INFO     |   Architecture     : bert
02:46:12 | INFO     |   Hidden size      : 768
02:46:12 | INFO     |   Attention heads  : 12
02:46:12 | INFO     |   Transformer layers: 12
02:46:12 | INFO     |   Total params     : 109,484,547
02:46:12 | INFO     |   Trainable params : 109,484,547
02:46:12 | INFO     |   Frozen params    : 0
02:46:12 | INFO     |   Strategy         : Full fine-tuning (no PEFT/LoRA)
02:46:12 | INFO     | =================================================================
02:46:12 | INFO     |   5 / 6  — Training
02:46:12 | INFO     | =================================================================
02:46:12 | INFO     |   output_dir      : /Users/arin/Documents/Finance/training/finbert_finetuned
02:46:12 | INFO     |   eval_strategy   : IntervalStrategy.EPOCH
02:46:12 | INFO     |   save_strategy   : SaveStrategy.EPOCH
02:46:12 | INFO     |   logging_steps   : 10
02:46:12 | INFO     |   early_stopping  : patience=2 epochs
02:46:12 | INFO     |   best model      : loaded at end (metric=F1)
02:46:13 | INFO     |   Steps per epoch  : ~99
02:46:13 | INFO     |   Total steps      : 495
02:46:13 | INFO     |   Warmup steps     : N/A
02:46:13 | INFO     | ── Epoch 1 / 5  — Training ────────────────────────────────
02:46:26 | INFO     |     step   10  (2% total) | loss: 3.5171 | lr: 3.600e-06
02:46:33 | INFO     |     step   20  (4% total) | loss: 2.9782 | lr: 7.600e-06
02:46:41 | INFO     |     step   30  (6% total) | loss: 1.8883 | lr: 1.160e-05
02:46:49 | INFO     |     step   40  (8% total) | loss: 1.1480 | lr: 1.560e-05
02:46:57 | INFO     |     step   50  (10% total) | loss: 0.6021 | lr: 1.960e-05
02:47:05 | INFO     |     step   60  (12% total) | loss: 0.4123 | lr: 1.960e-05
02:47:13 | INFO     |     step   70  (14% total) | loss: 0.4032 | lr: 1.915e-05
02:47:21 | INFO     |     step   80  (16% total) | loss: 0.2547 | lr: 1.870e-05
02:47:29 | INFO     |     step   90  (18% total) | loss: 0.3802 | lr: 1.825e-05
02:47:36 | INFO     |   Epoch 1 summary:
02:47:36 | INFO     |     avg train loss : 1.2871
02:47:36 | INFO     |     val accuracy   : N/A
02:47:36 | INFO     |     val macro-F1   : N/A
02:47:36 | INFO     |     best F1 so far : 0.0000
02:47:41 | INFO     |     accuracy  : 0.9353
02:47:41 | INFO     |     macro-F1  : 0.8965
02:47:41 | INFO     |     F1[negative]: 0.8333
02:47:41 | INFO     |     F1[neutral ]: 0.9855
02:47:41 | INFO     |     F1[positive]: 0.8706
02:47:41 | INFO     | ── Epoch 1 — Evaluation ───────────────────────────────────
02:47:48 | INFO     |   Checkpoint saved at step 99 → /Users/arin/Documents/Finance/training/finbert_finetuned
02:47:48 | INFO     | ── Epoch 2 / 5  — Training ────────────────────────────────
02:47:49 | INFO     |     step  100  (20% total) | loss: 0.2219 | lr: 1.780e-05
02:47:57 | INFO     |     step  110  (22% total) | loss: 0.1774 | lr: 1.735e-05
02:48:05 | INFO     |     step  120  (24% total) | loss: 0.1297 | lr: 1.690e-05
02:48:13 | INFO     |     step  130  (26% total) | loss: 0.1155 | lr: 1.645e-05
02:48:21 | INFO     |     step  140  (28% total) | loss: 0.0816 | lr: 1.600e-05
02:48:29 | INFO     |     step  150  (30% total) | loss: 0.1166 | lr: 1.555e-05
02:48:37 | INFO     |     step  160  (32% total) | loss: 0.0868 | lr: 1.510e-05
02:48:45 | INFO     |     step  170  (34% total) | loss: 0.0483 | lr: 1.465e-05
02:48:53 | INFO     |     step  180  (36% total) | loss: 0.0928 | lr: 1.420e-05
02:49:01 | INFO     |     step  190  (38% total) | loss: 0.1059 | lr: 1.375e-05
02:49:07 | INFO     |   Epoch 2 summary:
02:49:07 | INFO     |     avg train loss : 0.1177
02:49:07 | INFO     |     val accuracy   : 0.9353
02:49:07 | INFO     |     val macro-F1   : 0.8965
02:49:07 | INFO     |     best F1 so far : 0.8965
02:49:12 | INFO     |     accuracy  : 0.9588
02:49:12 | INFO     |     macro-F1  : 0.9457
02:49:12 | INFO     |     F1[negative]: 0.9362
02:49:12 | INFO     |     F1[neutral ]: 0.9805
02:49:12 | INFO     |     F1[positive]: 0.9205
02:49:12 | INFO     | ── Epoch 2 — Evaluation ───────────────────────────────────
02:49:19 | INFO     |   Checkpoint saved at step 198 → /Users/arin/Documents/Finance/training/finbert_finetuned
02:49:19 | INFO     | ── Epoch 3 / 5  — Training ────────────────────────────────
02:49:21 | INFO     |     step  200  (40% total) | loss: 0.1159 | lr: 1.330e-05
02:49:29 | INFO     |     step  210  (42% total) | loss: 0.0374 | lr: 1.285e-05
02:49:37 | INFO     |     step  220  (44% total) | loss: 0.0229 | lr: 1.240e-05
02:49:45 | INFO     |     step  230  (46% total) | loss: 0.0400 | lr: 1.196e-05
02:49:53 | INFO     |     step  240  (48% total) | loss: 0.0155 | lr: 1.151e-05
02:50:01 | INFO     |     step  250  (51% total) | loss: 0.0145 | lr: 1.106e-05
02:50:10 | INFO     |     step  260  (53% total) | loss: 0.0522 | lr: 1.061e-05
02:50:18 | INFO     |     step  270  (55% total) | loss: 0.0362 | lr: 1.016e-05
02:50:26 | INFO     |     step  280  (57% total) | loss: 0.0085 | lr: 9.708e-06
02:50:34 | INFO     |     step  290  (59% total) | loss: 0.0544 | lr: 9.258e-06
02:50:40 | INFO     |   Epoch 3 summary:
02:50:40 | INFO     |     avg train loss : 0.0398
02:50:40 | INFO     |     val accuracy   : 0.9588
02:50:40 | INFO     |     val macro-F1   : 0.9457
02:50:40 | INFO     |     best F1 so far : 0.9457
02:50:45 | INFO     |     accuracy  : 0.9882
02:50:45 | INFO     |     macro-F1  : 0.9803
02:50:45 | INFO     |     F1[negative]: 0.9663
02:50:45 | INFO     |     F1[neutral ]: 0.9976
02:50:45 | INFO     |     F1[positive]: 0.9770
02:50:45 | INFO     | ── Epoch 3 — Evaluation ───────────────────────────────────
02:50:52 | INFO     |   Checkpoint saved at step 297 → /Users/arin/Documents/Finance/training/finbert_finetuned
02:50:52 | INFO     | ── Epoch 4 / 5  — Training ────────────────────────────────
02:50:55 | INFO     |     step  300  (61% total) | loss: 0.0114 | lr: 8.809e-06
02:51:03 | INFO     |     step  310  (63% total) | loss: 0.0334 | lr: 8.360e-06
02:51:12 | INFO     |     step  320  (65% total) | loss: 0.0353 | lr: 7.910e-06
02:51:20 | INFO     |     step  330  (67% total) | loss: 0.0482 | lr: 7.461e-06
02:51:28 | INFO     |     step  340  (69% total) | loss: 0.0043 | lr: 7.011e-06
02:51:36 | INFO     |     step  350  (71% total) | loss: 0.0044 | lr: 6.562e-06
02:51:44 | INFO     |     step  360  (73% total) | loss: 0.0043 | lr: 6.112e-06
02:51:53 | INFO     |     step  370  (75% total) | loss: 0.0065 | lr: 5.663e-06
02:52:01 | INFO     |     step  380  (77% total) | loss: 0.0211 | lr: 5.213e-06
02:52:09 | INFO     |     step  390  (79% total) | loss: 0.0155 | lr: 4.764e-06
02:52:14 | INFO     |   Epoch 4 summary:
02:52:14 | INFO     |     avg train loss : 0.0184
02:52:14 | INFO     |     val accuracy   : 0.9882
02:52:14 | INFO     |     val macro-F1   : 0.9803
02:52:14 | INFO     |     best F1 so far : 0.9803
02:52:18 | INFO     |     accuracy  : 0.9824
02:52:18 | INFO     |     macro-F1  : 0.9751
02:52:18 | INFO     |     F1[negative]: 0.9670
02:52:18 | INFO     |     F1[neutral ]: 0.9928
02:52:18 | INFO     |     F1[positive]: 0.9655
02:52:18 | INFO     | ── Epoch 4 — Evaluation ───────────────────────────────────
